1785418358610335497
1785418365029623073
1785418365040747356
1785418366739644869
1785418375105577171
1785418375831757889
1785418375976525265
1785418383130731664
1785418385478891500
1785418386137047473
1785418393141359258
1785418394471234247
1785418395121930738
1785418401308513978
1785418402425670771
1785418403621641106 10.66
1785418409563494019 10.78
1785418410579170594 10.54
1785418412235699883 10.55
1785418418108587224 11.16
1785418419380773072 11.02
1785418421174643313 10.62
1785418428581386790 10.56
1785418429244852933 10.97
1785418429651218854 11.03
1785418437199339935 10.89
1785418438038926962 11.02
1785418438317339942 11.11
1785418445716783633 10.81
1785418446202715059 10.96
1785418447978432463 10.82
1785418453485408515 10.93
1785418455972110274 10.57
1785418457072403430 10.71
1785418460594409730 11.30
1785418465339414031 10.44
1785418467130062032 10.44
1785418467581798963 12.31
1785418472514178297 11.09
1785418475855045033 10.39
1785418477409759422 11.94
1785418480127924142 11.40
1785418482808579930 10.79
1785418487125932918 11.59
1785418489471924209 11.09
1785418490144232970 11.38
1785418494867795221 11.60
1785418497881198800 11.45
1785418498415654861 11.61
1785418503557491417 11.17
1785418505851464851 11.85
1785418507458187593 11.90
1785418511369819314 10.96
1785418513249833187 11.78
1785418517011759595 11.66
1785418519192165098 11.49
1785418522187524833 11.41
1785418526633677650 10.95
1785418526952979289 12.05
1785418530428347564 11.72
1785418534415178442 10.84
1785418536979476117 11.40
1785418537935687250 11.98
1785418542163909910 10.97
1785418544613300943 11.69
1785418546005870877 11.95
1785418550896149881 11.05
1785418551035163818 12.10
1785418554122141644 11.74
1785418558865972844 11.47
1785418560270775496 11.68
1785418562185292842 12.00
1785418567533845318 11.74
1785418568608313108 11.52
1785418569292883852 12.35
1785418573775284430 12.20
1785418577701208308 11.79
1785418577745370540 12.06
1785418578985354510 13.04
1785418585812774948 11.65
1785418586205816568 11.94
1785418586416310730 13.51
1785418592698305637 11.52
1785418594656762128 11.84
1785418595428896392 13.13
1785418598831439614 12.45
1785418601906249625 12.08
1785418604923528319 12.84
1785418604967805095 13.20
1785418609693041705 11.88
1785418612824332503 12.29
1785418613488968547 13.41
1785418619817384143 11.41
1785418620295149078 11.62
1785418621236811197 13.55
1785418627230015823 11.70
1785418628841342791 11.31
1785418629947686283 12.89
1785418634355375169 12.09
1785418637594975388 11.38
1785418638112347280 12.22
1785418641901193644 12.00
1785418645243443493 11.90
1785418647367831539 11.32
1785418649492679660 12.06
1785418653498383867 11.80
1785418654749854127 11.63
1785418657085987661 12.88
1785418662024037047 11.50
1785418663386768125 11.39
1785418664286444888 12.95
1785418671050770829 11.37
1785418671159747677 11.65
1785418671282558600 13.00
1785418678846156057 11.64
1785418679168204087 11.69
1785418679607207490 12.73
1785418686333692918 11.68
1785418686692619234 12.21
1785418687218816487 12.72
1785418692812203375 12.21
1785418693902321447 12.26
1785418696643403595 12.13
1785418699681666252 12.75
1785418701323677310 12.65
1785418705868864958 11.54
1785418706183758804 13.66
1785418708941744420 12.70
1785418713947846628 11.25
1785418714047350624 13.64
1785418716762752212 12.77
1785418722263281861 11.25
1785418722789625575 13.17
1785418724064696667 12.84
1785418730100375085 11.19
1785418731011305305 12.57
1785418732595087062 12.41
1785418736692346746 11.99
1785418739246006863 12.13
1785418741206071993 12.04
1785418744709217143 12.36
1785418747140262080 11.72
1785418749087815901 11.96
1785418752074984094 12.59
1785418755111873112 11.69
1785418756971794846 11.94
1785418759261514644 12.97
1785418764783405428 11.43
1785418765208573404 11.67
1785418766493232342 13.19
1785418772804849264 11.49
1785418773653611681 11.69
1785418774280275670 12.77
1785418780066942133 11.76
1785418781265012157 11.98
1785418782501035664 12.70
1785418786145092985 12.31
1785418789731644765 11.81
1785418790693632645 12.43
1785418791974352253 13.02
1785418798258705610 11.63
1785418798782676908 12.15
1785418798900781498 14.07
1785418805414465740 11.94
1785418806273904160 12.07
1785418806468982334 14.26
1785418812656683536 12.31
1785418813717210518 12.17
1785418814447736795 13.96
1785418821206012721 12.02
1785418821510176584 12.30
1785418822017934930 13.38
1785418829218947126 12.16
1785418829233274228 12.45
1785418829269433919 12.87
1785418836880373499 12.43
1785418837731350753 12.32
1785418837924071833 12.30
1785418843374230788 12.64
1785418845817348316 12.14
1785418846149139350 12.10
1785418849348830087 13.08
1785418853335839016 12.12
1785418853941941494 12.15
1785418858191297242 12.98
1785418860722719673 12.24
1785418861758851969 12.08
1785418866101312526 13.01
1785418868288069589 12.29
1785418870036418149 11.77
1785418874828340304 12.65
1785418874963057510 12.89
1785418878327058650 11.88
1785418883261578242 12.03
1785418883796813570 12.64
1785418884933822969 12.38
1785418891180097203 11.47
1785418891684350926 12.52
1785418891979951961 12.62
1785418898436765479 11.93
1785418899668851870 12.32
1785418899830195582 12.61
1785418905103400300 12.31
1785418907439844643 12.26
1785418910030705218 12.00
1785418911921495790 12.94
1785418913694286483 12.39
1785418919005863249 11.80
1785418919080347409 13.40
1785418920282800205 13.16
1785418925652726197 11.79
1785418928284889368 12.94
1785418928357395882 13.09
1785418931662029615 12.10
1785418936473771484 12.62
1785418937374708698 12.73
1785418938229283547 12.50
1785418944715843725 12.12
1785418944799474390 12.85
1785418945557422301 13.51
1785418951622028254 12.09
1785418953176394815 12.16
1785418953428649439 13.94
1785418958985442380 12.03
1785418961564452031 11.63
1785418962255408947 13.11
1785418966492539745 12.56
1785418969352226376 11.71
1785418970233354543 12.44
1785418974916807381 12.49
1785418977635245773 11.92
1785418978091965263 12.04
1785418983789409511 12.28
1785418984630814091 12.05
1785418986294565512 11.78
1785418992039901331 11.88
1785418992287204640 12.27
1785418993660666281 11.93
1785419000739355554 11.50
1785419000981291023 12.18
1785419001146978277 12.34
1785419007994040149 11.57
1785419009903744985 11.84
1785419010538987558 11.91
1785419014795662789 12.04
1785419017140224676 12.15
1785419019992487884 11.46
1785419022450534393 12.42
1785419024414130695 12.07
1785419029074811122 11.22
1785419029691983148 12.75
1785419031876868259 12.12
1785419036996862196 11.08
1785419038482484461 12.72
1785419040190529043 12.24
1785419045375236602 10.85
1785419046279324525 12.54
1785419049185774898 12.22
1785419054617819880 10.89
1785419055251654178 11.86
1785419055748419448 12.43
1785419062949138832 11.17
1785419063323862377 11.74
1785419063710050993 12.22
1785419070174553439 11.68
1785419070901133514 11.65
1785419073222623451 11.61
1785419076877741705 12.04
1785419078987990522 11.85
1785419081441074881 11.64
1785419084761576030 12.19
1785419087793714171 11.56
1785419089705954255 11.85
1785419091704924605 12.94
1785419096478797468 11.64
1785419098782842132 11.15
1785419099536408984 13.12
1785419103960530107 11.81
1785419107518297368 10.96
1785419107791184343 12.76
1785419111673460448 11.77
1785419115283508544 11.41
1785419115936363038 12.29
1785419120428152197 11.58
1785419123651933803 11.37
1785419123827790704 12.29
1785419128720228331 11.73
1785419131363324996 11.52
1785419132663928139 11.72
1785419136230938599 12.07
1785419139031374074 11.93
1785419141534122242 11.43
1785419143580306981 12.12
1785419146561247516 12.29
1785419150022986995 11.37
1785419150758118220 12.28
1785419155166430483 12.04
1785419157853683490 11.45
1785419158572978967 12.58
1785419162842767820 12.25
1785419165024821052 11.65
1785419165815351846 12.94
1785419171240395760 12.04
1785419173671768452 11.71
1785419174018056608 12.70
1785419178633846577 12.12
1785419180445680775 12.34
1785419182795179933 12.24
1785419186754635761 11.94
1785419188932031171 12.34
1785419189391982364 12.42
1785419195285328167 11.96
1785419195928458281 12.61
1785419197358297379 12.38
1785419202535065725 12.09
1785419204191296661 12.26
1785419204749518454 12.33
1785419209295875000 12.61
1785419212061662113 12.50
1785419213316499982 12.21
1785419216896413125 12.54
1785419219450734605 12.31
1785419222291561273 12.15
1785419223583531004 13.03
1785419229321795041 11.88
1785419229659951422 11.92
1785419230417988872 13.66
1785419235870598832 12.02
1785419237446572149 11.97
1785419239169153348 13.10
1785419242166164905 12.64
1785419245991213355 11.64
1785419248128425667 12.36
1785419248531339911 13.16
1785419253931030519 11.82
1785419254540260745 12.75
1785419257633606663 12.57
1785419260766314432 12.48
1785419262062377392 12.47
1785419267022210815 12.73
1785419268193912587 12.46
1785419268744909825 12.52
1785419274776888834 12.34
1785419275936898520 12.47
1785419276707089476 12.79
1785419282860089492 11.80
1785419283543307652 12.78
1785419284213266153 13.30
1785419289947892721 11.59
1785419290941189532 12.97
1785419292817641963 12.54
1785419297502361377 12.04
1785419299812772832 12.29
1785419300398143674 12.52
1785419304072098192 12.96
1785419307980437160 12.06
1785419309461337609 11.79
1785419310130691145 13.58
1785419316095579179 11.95
1785419317412633985 11.79
1785419317645097665 13.80
1785419323901585381 11.89
1785419324771868592 11.83
1785419325659445615 13.44
1785419330916919418 12.01
1785419331542874675 12.40
1785419334469889608 12.98
1785419338064560623 12.55
1785419339683163479 12.22
1785419341146320249 12.95
1785419345978208728 12.63
1785419346848562352 12.84
1785419349734204712 12.12
1785419353159259339 12.95
1785419354541459306 12.93
1785419357868913672 11.93
1785419359897184012 13.33
1785419363108273265 12.52
1785419364896765301 12.23
1785419366841283096 13.36
1785419371532122045 12.00
1785419372802021535 12.52
1785419373468291188 13.56
1785419380201479334 11.85
1785419380497638333 12.20
1785419381199402263 13.63
1785419387831426712 11.71
1785419388260202598 12.46
1785419389354774171 13.26
1785419395828979371 11.63
1785419396671016501 12.37
1785419397212208863 12.86
1785419403809484340 11.79
1785419404369892312 12.16
1785419405387922028 12.45
1785419410310177592 12.38
1785419412892328775 11.97
1785419414962492675 11.57
1785419416724865294 13.14
1785419422916708620 11.32
1785419423440953095 11.36
1785419424111052787 13.23
1785419431121544670 11.20
1785419431723911186 11.33
1785419432226839117 13.19
1785419438922046497 11.36
1785419439283157768 11.41
1785419439880189149 13.31
1785419446968320634 11.27
1785419447449326393 11.41
1785419447764779189 12.82
1785419454105921451 11.65
1785419455835613282 11.74
1785419456419233801 12.09
1785419460548922319 12.76
1785419463556743848 11.97
1785419464387615096 11.92
1785419469251132442 12.59
1785419469925739802 12.56
1785419474909665691 11.25
1785419475563732183 13.10
1785419477891158583 12.43
1785419484270260182 10.81
1785419484671212768 12.73
1785419485140376726 12.74
1785419491700367733 10.93
1785419491759627202 12.75
1785419493555652920 12.73
1785419499262063524 11.20
1785419500222646931 12.10
1785419501867161582 12.53
1785419507158328698 11.22
1785419508207763386 12.32
1785419509991870385 11.98
1785419516160741369 11.64
1785419516812298759 11.64
1785419517418144326 12.14
1785419524163195405 12.03
1785419525576607486 11.73
1785419525827828061 11.80
1785419529674448997 12.64
1785419535659356338 10.93
1785419535855095229 11.35
1785419536305847501 12.96
1785419543464551276 11.10
1785419543985376176 11.40
1785419544607019265 12.82
1785419549693201657 11.57
1785419552987781764 11.16
1785419553204141102 12.96
1785419556720847820 12.03
1785419560520651102 11.14
1785419562686337468 12.46
1785419565213272145 12.11
1785419568850184808 11.16
1785419570991810294 11.62
1785419572609469083 12.99
1785419576854307655 11.71
1785419578922913463 11.26
1785419582206695030 12.39
1785419584254200621 11.92
1785419586166379007 11.55
1785419590725222208 11.70
1785419592953087709 12.01
1785419594788787500 11.54
1785419597978972580 11.63
1785419602493446762 11.44
1785419602887270352 11.94
1785419606322509993 11.68
1785419609477262250 11.81
1785419612114991326 11.67
1785419616223161043 11.01
1785419617154412226 11.91
1785419620104590683 11.66
1785419625391369567 11.12
1785419625439534438 11.65
1785419627767712410 11.54
1785419634853738235 10.88
1785419634943359726 11.43
1785419635026053369 11.93
1785419642662774768 10.74
1785419643076132440 11.83
1785419643811882472 11.73
1785419651025317147 10.74
1785419651037406956 11.55
1785419652373542897 11.92
1785419659030741188 11.21
1785419659527587505 11.33
1785419661422801280 11.62
1785419665681192958 11.91
1785419669479362842 10.90
1785419669563621963 11.48
1785419672446658502 12.77
1785419678883538425 10.92
1785419679240974009 10.86
1785419679364862750 13.08
1785419686009308705 11.18
1785419687713970393 10.93
1785419689655134261 12.43
1785419692263090155 11.64
1785419693421398845 11.69
1785419693455722647 13.94
1785419695683813920 13.28
1785419696814693908 13.56
