1785420854630808609
1785420856933603659
1785420857459435341
1785420862047672379
1785420867393250682
1785420868765583806
1785420870796500841
1785420878209201454
1785420878269104256
1785420879262887533
1785420888177009905
1785420888205899380
1785420888306922837
1785420894985952698
1785420897481894476
1785420898191594608 11.02
1785420901979354129 10.66
1785420906346364147 9.82
1785420907718615907 10.51
1785420909162297265 11.49
1785420915111880459 10.36
1785420916855219437 10.42
1785420918457397411 11.93
1785420924387219940 10.41
1785420925553305770 10.37
1785420927779556224 12.12
1785420933294395656 10.65
1785420933629850859 10.59
1785420938022614622 11.15
1785420942089939722 10.76
1785420942647232768 10.80
1785420946282662981 10.83
1785420950287415193 10.92
1785420952223607956 10.79
1785420955032987918 10.46
1785420958909292971 10.96
1785420960669777049 10.96
1785420962504144901 10.90
1785420968040482080 11.00
1785420968871914040 11.08
1785420971739213349 10.92
1785420974889117269 11.54
1785420977628194190 10.91
1785420981650734509 11.00
1785420981890447447 12.06
1785420985226744598 11.27
1785420988890010438 11.27
1785420993125673073 11.20
1785420993478074008 11.64
1785420995100834301 11.98
1785421002238091580 11.08
1785421002488999273 11.48
1785421002842426093 11.90
1785421010020046650 11.43
1785421011043484284 11.38
1785421012470570013 11.78
1785421018309901736 11.05
1785421020471640606 11.20
1785421021599712752 12.02
1785421025757037730 10.94
1785421029495999938 10.84
1785421031650833943 11.23
1785421033281905315 11.95
1785421038076762835 10.76
1785421039810070797 10.74
1785421042078116388 12.05
1785421046808949925 10.83
1785421048924696398 10.42
1785421049634359522 12.12
1785421056667176866 10.52
1785421057686803524 10.62
1785421058143171276 12.05
1785421064047874804 11.02
1785421065423092933 10.95
1785421066107362645 11.90
1785421072609724651 11.13
1785421073727915253 11.41
1785421073734998850 11.87
1785421080639451647 11.28
1785421081568202524 11.49
1785421082421540133 11.90
1785421089575824283 11.22
1785421090176720574 11.64
1785421090178098092 11.84
1785421097834268381 11.66
1785421098129595295 11.87
1785421098600692768 11.86
1785421106020634648 11.44
1785421107191758866 11.49
1785421107290374721 11.66
1785421114235004786 11.53
1785421116249007919 11.29
1785421116582137714 11.20
1785421121763803634 11.67
1785421125971590812 10.81
1785421126119692648 10.98
1785421128671546615 12.28
1785421135794421592 10.52
1785421135945328327 10.49
1785421136683549959 12.36
1785421142875134174 10.73
1785421146494193974 10.02
1785421147079336160 11.69
1785421149801576331 11.27
1785421155234777873 10.01
1785421156552278958 11.34
1785421158428759242 11.38
1785421163707997789 10.19
1785421164601524595 11.21
1785421168257672743 11.35
1785421170642475316 10.78
1785421172995191245 10.83
1785421176869511372 11.69
1785421179085103872 11.13
1785421182113602927 10.57
1785421185105209531 11.37
1785421187990331818 11.57
1785421191902067669 10.71
1785421192167769365 11.33
1785421195820380882 11.83
1785421198877509264 11.34
1785421202201863092 10.97
1785421203698763230 12.00
1785421206755015044 11.39
1785421211232409497 11.17
1785421213639670284 11.16
1785421213847834686 11.75
1785421218990652383 11.40
1785421222560062890 11.04
1785421223123162182 11.70
1785421228421242583 11.08
1785421230475320816 11.30
1785421232518202376 11.82
1785421237794194891 10.52
1785421238132417733 11.34
1785421241879859576 11.16
1785421246385182424 10.86
1785421246726561389 11.16
1785421250224459471 11.04
1785421254217341052 11.17
1785421255626166837 11.43
1785421260214906679 10.35
1785421261512806965 11.29
1785421265536783748 11.17
1785421268780454528 10.51
1785421271533833046 11.13
1785421272639355917 11.38
1785421277689211618 10.63
1785421281095730156 11.09
1785421281716057037 11.01
1785421285251911525 11.07
1785421290458506408 10.89
1785421290687340566 10.92
1785421292876508223 11.25
1785421298889170250 10.75
1785421300254759098 10.76
1785421300555855114 11.90
1785421305118182329 11.01
1785421310052134217 10.78
1785421310967354124 11.38
1785421311474942547 12.02
1785421318988209083 10.36
1785421319196613258 11.56
1785421319425918376 12.52
1785421327060604899 10.59
1785421327730755690 11.30
1785421327803433655 12.85
1785421334153568504 11.04
1785421337072092828 10.86
1785421337191368843 12.53
1785421339577047111 12.21
1785421347055192416 10.32
1785421347173244839 11.41
1785421347313413159 12.88
1785421354472344322 11.03
1785421356334796689 10.70
1785421356687674697 12.73
1785421361845362485 11.25
1785421365066710176 10.52
1785421366399192367 12.20
1785421369184273316 11.58
1785421372700775612 10.69
1785421375820274040 11.52
1785421377324178302 11.92
1785421379921278975 11.23
1785421385715210864 10.40
1785421386043482423 12.31
1785421388348431702 11.66
1785421394176190239 10.24
1785421395033715175 11.83
1785421396116377798 12.07
1785421402016368912 10.59
1785421402902030501 11.69
1785421406141362384 11.69
1785421408078037809 11.52
1785421413602391610 10.81
1785421414524897463 11.48
1785421415177381655 12.20
1785421421548617895 10.85
1785421421968587832 11.42
1785421424653930071 12.33
1785421428051570661 11.43
1785421432115316027 10.97
1785421433848265074 12.10
1785421435675134381 11.81
1785421438315660191 11.37
1785421444624388136 11.27
1785421444893892017 11.43
1785421445206381028 12.29
1785421453173510259 10.64
1785421453699707739 11.97
1785421454159883924 12.11
1785421461264508847 10.42
1785421462154869162 11.82
1785421462509022872 11.84
1785421470600425287 10.45
1785421470913299083 11.20
1785421471087383647 12.32
1785421478798674084 10.68
1785421479418178297 10.97
1785421479888288560 11.55
1785421487349396242 11.23
1785421488000170349 11.14
1785421488659341737 11.05
1785421495542488660 11.33
1785421497193157619 11.04
1785421497341985190 11.12
1785421503128140768 11.47
1785421506488724231 10.83
1785421506510115622 10.91
1785421510652991377 11.98
1785421515465270415 10.77
1785421515804839805 10.73
1785421519123627666 11.90
1785421523656921920 10.85
1785421526171746624 10.37
1785421529753543089 11.32
1785421530389139189 11.32
1785421534950389154 10.37
1785421537638362609 11.40
1785421539505037376 11.34
1785421544197935506 10.24
1785421546404563991 11.09
1785421548944093722 11.31
1785421552225711329 10.50
1785421557311146787 10.29
1785421557409747181 11.44
1785421560148536009 10.82
1785421565598477502 10.33
1785421568160735023 10.79
1785421569508718930 11.08
1785421572116207196 11.33
1785421578698046857 9.94
1785421579097732853 10.87
1785421579163943902 11.56
1785421587023810121 10.10
1785421587432771382 11.10
1785421590449878840 10.90
1785421594821215472 10.46
1785421597899376731 10.51
1785421599897076676 11.27
1785421601720483932 10.83
1785421608233372496 9.98
1785421609790725480 10.86
1785421609827757488 11.52
1785421616218017631 10.28
1785421618649611313 10.32
1785421619203800163 11.85
1785421626635489234 10.10
1785421627926353170 9.84
1785421627965507084 11.72
1785421634595739523 10.18
1785421636646742690 10.39
1785421637320362834 11.29
1785421643449199801 10.54
1785421645669066165 10.49
1785421646066692028 10.82
1785421652585909540 10.82
1785421653180833241 11.06
1785421656987625427 10.18
1785421660509706279 10.84
1785421662622253016 10.92
1785421667034612043 10.04
1785421668188238064 11.55
1785421670403047125 11.30
1785421676785697755 9.83
1785421676860030444 11.36
1785421678318240280 11.52
1785421685634043123 9.94
1785421686808309373 11.07
1785421687337662792 11.52
1785421693303803822 10.16
1785421694644163399 11.41
1785421696641902194 11.04
1785421701029134086 10.90
1785421702970725158 11.30
1785421706473880221 10.95
1785421710709341280 10.99
1785421710840030358 11.25
1785421714826747682 10.81
1785421719851150408 11.15
1785421720490804103 11.00
1785421723628668116 10.59
1785421728172656069 11.28
1785421729057568885 11.36
1785421732884617521 10.54
1785421734881143200 11.54
1785421738767531427 10.88
1785421741895500127 10.61
1785421742378536243 11.61
1785421746479935820 11.03
1785421750230744277 10.97
1785421753053164597 11.34
1785421753493418086 11.25
1785421757201901615 11.33
1785421762433181810 11.27
1785421763036283652 11.28
1785421764464391801 11.75
1785421769651568372 11.57
1785421771855517707 11.22
1785421774316360424 11.59
1785421777628062926 11.23
1785421778984013753 11.94
1785421784372838344 11.30
1785421785910966785 11.03
1785421787110865020 11.81
1785421792628517279 11.32
1785421794772988170 11.51
1785421795109442402 11.53
1785421801622121736 10.81
1785421802959618978 11.84
1785421803719436451 11.80
1785421810275585170 10.48
1785421810995072025 11.61
1785421812943019102 11.68
1785421818202433667 10.94
1785421818571389081 11.72
1785421821313022006 11.34
1785421826531167639 11.39
1785421827740378501 11.48
1785421829426864622 11.34
1785421833892184265 11.63
1785421837978290680 11.11
1785421838200862579 11.14
1785421841392674402 12.07
1785421845502997369 11.28
1785421847727123096 10.91
1785421850473397174 11.94
1785421853459474377 11.30
1785421856120898935 11.12
1785421858931816441 11.79
1785421862785384762 10.86
1785421863812511439 11.29
1785421868627551677 11.40
1785421870383576260 11.26
1785421871387814577 11.44
1785421877970878649 10.89
1785421879094461251 11.67
1785421879224637450 11.70
1785421885936381541 10.78
1785421886927438600 11.59
1785421888770209335 11.70
1785421894169362476 10.98
1785421895847727166 11.32
1785421896909234971 11.77
1785421901887341050 11.17
1785421905384455269 11.27
1785421905830696886 11.42
1785421910070191522 11.58
1785421913310298493 11.18
1785421914565694528 11.12
1785421918723754453 11.78
1785421921145675793 11.41
1785421922587383011 11.07
1785421929254000724 11.08
1785421929707506709 11.22
1785421929808414317 11.70
1785421937551800270 11.06
1785421938233589427 11.32
1785421938248995365 11.61
1785421945485825628 11.01
1785421946452684136 11.69
1785421946961732108 11.67
1785421953179166168 11.13
1785421954924518692 11.53
1785421955281821802 11.79
1785421961163781787 11.31
1785421961817562399 11.80
1785421966463935556 10.94
1785421969370559075 11.97
1785421969613535497 12.03
1785421973551212451 10.97
1785421977394447750 12.05
1785421978961952398 11.79
1785421983526896881 10.60
1785421986517806666 11.70
1785421986788210879 11.90
1785421991432130193 10.79
1785421993844770249 11.80
1785421996252871856 11.61
1785421998853767315 11.02
1785422002425354028 11.63
1785422004747821652 11.18
1785422007994646900 11.56
1785422011585302988 11.37
1785422011850095587 11.36
1785422017387600322 10.95
1785422018399562636 11.71
1785422021594011696 11.26
1785422027129445447 11.01
1785422027451704273 11.73
1785422030003099528 11.11
1785422037008079334 10.53
1785422037166484243 11.08
1785422037522787665 11.63
1785422043606609851 10.73
1785422047132676525 10.74
1785422047310849217 11.28
1785422050741280275 11.23
1785422056602121965 10.66
1785422057096905408 10.61
1785422059061036412 11.52
1785422066476006236 9.98
1785422066691674107 10.64
1785422067251508618 11.96
1785422075151658429 10.06
1785422075475364110 10.56
1785422075721893311 12.40
1785422083696365913 10.32
1785422084289274351 10.26
1785422084709430487 11.68
1785422093183880199 10.42
1785422093531496593 10.38
1785422094063330468 11.08
1785422101107013190 10.79
1785422103929773168 10.25
1785422104100997409 10.66
1785422108837051472 11.33
1785422112995277107 10.37
1785422113540603725 10.37
1785422117822769491 11.25
1785422121724406171 10.38
1785422123347227298 10.08
1785422125480047377 11.49
1785422131765269159 10.11
1785422133506492364 9.84
1785422134050353395 11.75
1785422140713780201 10.17
1785422142165930962 9.98
1785422143664699147 11.28
1785422149498933152 10.53
1785422150369694688 10.37
1785422154016360344 10.62
1785422158262810824 10.60
1785422159707092098 10.40
1785422163201360752 10.58
1785422168122812855 10.35
1785422168270555782 10.68
1785422171603295266 10.41
1785422176290846118 10.78
1785422179773701873 10.37
1785422180432692226 10.35
1785422183935917285 11.11
1785422189201649495 10.21
1785422189773969475 10.41
1785422193277783511 10.96
1785422196317610162 10.45
1785422200519482614 10.32
1785422203367683440 10.64
1785422203739963456 10.90
1785422209936435065 10.27
1785422212772885327 10.75
1785422212990819738 10.73
1785422217636693262 10.43
1785422222818695722 10.32
1785422224137459333 10.82
1785422224931384200 10.79
1785422232223627320 9.94
1785422232304868746 11.14
1785422234089132443 10.83
1785422240880369276 10.08
1785422241428077114 10.64
1785422243842504012 11.08
1785422248127632065 10.72
1785422251474359767 10.06
1785422253233467298 11.09
1785422257663412044 10.69
1785422261463656903 9.90
1785422261632251351 10.91
1785422266163845570 11.07
1785422270422171762 10.37
1785422271451279548 10.32
1785422275014462533 11.22
1785422279191912525 10.24
1785422280624075694 10.31
1785422284506847732 11.00
1785422287477839255 10.42
1785422289983924706 10.40
1785422294640157264 10.32
1785422296090505244 10.76
1785422296988785930 10.97
1785422297676849885 12.00
1785422299071273948 12.76
1785422299909332856 12.54
