1785407880737299225
1785407887623980334
1785407890988129185
1785407896131477867
1785407896174165834
1785407900401911488
1785407905888424614
1785407906604627304
1785407909090058457
1785407916149133138
1785407916482136902
1785407918366425783
1785407923928118354
1785407925344159844
1785407926972114691
1785407930874840460 9.57
1785407933799331939 10.40
1785407936442695136 10.56
1785407939090820635 11.17
1785407941845893933 10.51
1785407944508016072 10.88
1785407950612804674 10.73
1785407951781179737 10.62
1785407952022113789 11.18
1785407959240878132 11.14
1785407960815810912 10.83
1785407961227645678 11.20
1785407967411952524 11.04
1785407969976972441 10.75
1785407970314546321 11.07
1785407976126263416 10.61
1785407978609274094 10.71
1785407979469482340 11.16
1785407985330154438 10.38
1785407986046264699 10.86
1785407989022096177 10.78
1785407993761373838 11.12
1785407994284798473 11.29
1785407999140455141 10.19
1785408000841144034 11.54
1785408002563719948 11.50
1785408006851613095 10.52
1785408008851804902 11.58
1785408011680775502 11.51
1785408013800388984 11.04
1785408017838176410 11.51
1785408019783908252 11.66
1785408021281754793 11.48
1785408026685318878 11.61
1785408028425482607 11.33
1785408029199395139 11.95
1785408034946584418 11.65
1785408036290617679 11.43
1785408038895902489 12.07
1785408043633423312 11.22
1785408043859657943 11.62
1785408048599053278 11.50
1785408050212240169 11.61
1785408053199535731 11.56
1785408055163688757 11.60
1785408059767425678 11.45
1785408061041617723 11.63
1785408063150095366 11.46
1785408067628743095 11.72
1785408068874642388 11.87
1785408073477936851 10.84
1785408076319205539 11.60
1785408077720469460 11.59
1785408080006445682 11.68
1785408084051192276 11.88
1785408085626366187 11.49
1785408087920015881 12.21
1785408091175404604 11.72
1785408092912357273 12.09
1785408096783893398 11.53
1785408098821498851 12.29
1785408100429592214 12.19
1785408106479449238 11.08
1785408106978295641 12.20
1785408107566172928 12.41
1785408112928319321 12.17
1785408113769176363 12.82
1785408115673474728 12.65
1785408121731391103 11.50
1785408122009292305 12.65
1785408122162448855 13.14
1785408127692869001 12.07
1785408131397892589 11.93
1785408132742736659 12.05
1785408133593898846 13.04
1785408139431708764 11.82
1785408140290252415 12.04
1785408140857551885 13.96
1785408146953907673 12.01
1785408148181919319 11.82
1785408151282552623 12.51
1785408154505044522 11.78
1785408155321773390 12.11
1785408161223661174 12.15
1785408161827304301 12.05
1785408162608093310 11.87
1785408169747094426 11.41
1785408169758794018 12.51
1785408171260027446 12.46
1785408178198052685 10.76
1785408178576311057 12.26
1785408178754447428 12.48
1785408186406513153 10.54
1785408186482194029 12.14
1785408186986888769 12.37
1785408193689159604 11.32
1785408194676486605 11.95
1785408195199751063 12.04
1785408200756087503 12.14
1785408202331579593 11.85
1785408204699728229 11.40
1785408207000315143 12.88
1785408211828076908 11.41
1785408212724362088 11.58
1785408213599155634 13.56
1785408220094798513 11.56
1785408220387253355 11.53
1785408220990978408 13.88
1785408228107970473 11.53
1785408228138943926 11.66
1785408228529175617 13.78
1785408235023858280 11.90
1785408235968037124 11.77
1785408236312108993 13.50
1785408241175409276 12.36
1785408243416542053 12.40
1785408245097997894 12.60
1785408248320577044 13.15
1785408252767268820 11.99
1785408254429027777 11.76
1785408254494590768 13.95
1785408260939389321 11.84
1785408260969817456 12.01
1785408262314290661 14.03
1785408268474257668 11.90
1785408269450687069 11.73
1785408270154188216 13.66
1785408276583099646 11.82
1785408276886406790 11.83
1785408279833029277 12.42
1785408284650902290 11.64
1785408284927141673 12.05
1785408287855489514 12.14
1785408291316885439 12.45
1785408294864077567 11.87
1785408296595734955 11.40
1785408297822587029 13.01
1785408303566363919 11.27
1785408304186648164 11.46
1785408304576598980 13.30
1785408311306470917 11.47
1785408312110682504 11.44
1785408312218271309 13.47
1785408317185324443 11.91
1785408320107542418 11.92
1785408320841698940 13.26
1785408323025137796 12.60
1785408328303211522 11.87
1785408329253899159 12.65
1785408330795532778 13.36
1785408335627902613 12.30
1785408335981479580 12.58
1785408339326895347 13.42
1785408342456279591 12.54
1785408343682856982 12.27
1785408346634246092 13.59
1785408349694593469 12.77
1785408351497259537 12.22
1785408353994201367 13.04
1785408358214225373 12.60
1785408358515093346 12.74
1785408361892887011 12.35
1785408366261513680 12.65
1785408366960836157 12.73
1785408368946017462 12.58
1785408373580906212 12.65
1785408375753735080 12.07
1785408376577411551 12.89
1785408379652264858 12.90
1785408384448379792 11.77
1785408384928137910 12.53
1785408387161454724 12.81
1785408391837257647 11.90
1785408393130882502 12.26
1785408395577053378 12.85
1785408398646190409 11.96
1785408402479401727 11.83
1785408403475741881 12.90
1785408406024628947 12.29
1785408409924923730 11.71
1785408410450666915 13.02
1785408415074978495 12.21
1785408417820920188 11.64
1785408418187054200 12.46
1785408421975865423 12.79
1785408425066327194 11.96
1785408426406700266 12.23
1785408430935374922 12.28
1785408431179376219 12.62
1785408434274201520 12.40
1785408437905328397 12.23
1785408438143928014 13.46
1785408442704384095 12.24
1785408445330900055 12.21
1785408445498762071 13.49
1785408449813776750 12.19
1785408452796737634 12.72
1785408453263342568 13.54
1785408456714727707 12.46
1785408460748524849 12.38
1785408462167622532 12.94
1785408462760092625 13.20
1785408468531994271 12.77
1785408469739689537 12.45
1785408471388772300 12.93
1785408475022940732 12.93
1785408478655537678 11.85
1785408479366446585 13.09
1785408482087026781 13.06
1785408487699763720 11.37
1785408488665277283 12.35
1785408489101301180 13.22
1785408495742022536 11.30
1785408495850822539 12.26
1785408496837583421 13.30
1785408504067845995 11.46
1785408504885103324 11.39
1785408505059435653 13.14
1785408511996216103 11.36
1785408512746898860 11.61
1785408514699718618 12.10
1785408520823110405 11.38
1785408520990176520 11.53
1785408521456332385 12.19
1785408528517106357 11.76
1785408528593722290 12.02
1785408529621198861 11.85
1785408536984489487 11.64
1785408537080907258 11.64
1785408537462158166 11.82
1785408544966030282 11.74
1785408545336305211 11.87
1785408545584714796 11.84
1785408552027322606 11.99
1785408553935135858 11.65
1785408554359703919 12.10
1785408560167231036 12.20
1785408562227090214 11.64
1785408562277853662 11.76
1785408569030124149 11.85
1785408569720197719 11.67
1785408570996741821 11.60
1785408576602027753 12.12
1785408577163872471 11.98
1785408579195031450 11.50
1785408585448747316 11.86
1785408586442299909 11.68
1785408586482890396 11.74
1785408591982404183 12.01
1785408594817684230 11.74
1785408595934839748 11.55
1785408599175952989 12.30
1785408602827891156 11.82
1785408604040142165 11.49
1785408606760982417 12.72
1785408610224927264 11.85
1785408612705773965 11.51
1785408615363733882 12.38
1785408618689255502 11.56
1785408619214065675 11.99
1785408625072496477 12.11
1785408625145091323 12.40
1785408627357747305 11.74
1785408632739733509 11.78
1785408634688896510 12.04
1785408635401138604 12.16
1785408640589164446 11.59
1785408641596429268 12.38
1785408644689072587 11.81
1785408648756089570 11.43
1785408648783427592 12.45
1785408651647411462 12.33
1785408658408871781 11.15
1785408658454234556 12.07
1785408658457945448 12.23
1785408665163778733 11.97
1785408666846049786 11.51
1785408667052217449 12.09
1785408672297360123 12.13
1785408674287266408 12.12
1785408675404404701 12.00
1785408681337490163 11.78
1785408681819136371 11.93
1785408682427118253 12.72
1785408689424410316 11.80
1785408689888811012 11.68
1785408689911494813 12.54
1785408696881462902 12.48
1785408697871598565 12.18
1785408698636265591 11.95
1785408706067420445 11.73
1785408706132523795 12.22
1785408706172161387 12.27
1785408713777774738 11.57
1785408713822579538 12.14
1785408714658539286 12.23
1785408721007300562 12.10
1785408721560804156 12.08
1785408722854814793 11.87
1785408728338278959 12.33
1785408729314981123 12.17
1785408731324527188 11.59
1785408735726130724 12.36
1785408737257005826 12.19
1785408738969266844 11.90
1785408745706165744 12.11
1785408745834714517 12.09
1785408745851893605 12.10
1785408753511146570 12.08
1785408754128289475 11.91
1785408754156684400 12.15
1785408760278302871 12.22
1785408761281265542 12.08
1785408762795093178 12.02
1785408768463862055 11.96
1785408769560060600 11.93
1785408770309289724 12.31
1785408776187666320 11.86
1785408777730770534 11.86
1785408778314731825 12.20
1785408783604491626 12.67
1785408786139038333 11.91
1785408786357245177 11.85
1785408790425660048 13.00
1785408793163376041 12.30
1785408796644870988 11.30
1785408797910493087 12.76
1785408799563988750 12.54
1785408804495991565 11.51
1785408806514723130 12.61
1785408807079335025 12.79
1785408810900213694 11.83
1785408813931165128 12.72
1785408816952191199 12.24
1785408817771603165 12.17
1785408821477607810 12.67
1785408823852271831 12.73
1785408826595508195 11.93
1785408829442858792 12.30
1785408830102222830 12.99
1785408834407474079 12.71
1785408835873438680 12.64
1785408839472125787 12.03
1785408842054215054 12.78
1785408842853575067 13.21
1785408846944782886 12.04
1785408848617101526 12.73
1785408851099393914 12.91
1785408854385587039 12.82
1785408856015601578 12.55
1785408858417407609 12.99
1785408862865472390 12.30
1785408863727710900 12.93
1785408865182495733 13.43
1785408870086736920 12.00
1785408870984819363 13.12
1785408872994252012 12.93
1785408878068288774 12.44
1785408878644039846 13.12
1785408880027906836 12.91
1785408886778319639 12.05
1785408886785942063 12.58
1785408887113758662 13.33
1785408893266647340 12.35
1785408895814118061 12.06
1785408897573884436 12.26
1785408898391179824 13.51
1785408903955250200 11.93
1785408905711556103 11.84
1785408905779519748 13.45
1785408910596701162 12.12
1785408913762464001 11.77
1785408914605561754 13.14
1785408918636344553 12.00
1785408921597319166 11.55
1785408922133160971 13.58
1785408927493737902 11.79
1785408928398773550 11.63
1785408930381183400 12.93
1785408935632507839 12.05
1785408936311179032 12.39
1785408938062531442 12.10
1785408943438850136 12.16
1785408944601823039 12.34
1785408946668470017 11.74
1785408951599136227 11.71
1785408951662981121 12.66
1785408954865894464 11.92
1785408958360952742 12.08
1785408959932539445 12.52
1785408963795197204 11.52
1785408966615134601 12.27
1785408967355395411 12.32
1785408972492795814 11.40
1785408974857088131 12.24
1785408975410283995 12.28
1785408980161078612 11.40
1785408982120312332 12.41
1785408985831981586 11.64
1785408986706742944 11.99
1785408989357644200 12.71
1785408995409614180 10.97
1785408995663722909 11.77
1785408996724778977 12.51
1785409002109247172 11.38
1785409004627674934 11.76
1785409005733461047 12.27
1785409009950668936 11.27
1785409011538382127 12.29
1785409015619763897 11.78
1785409017348899845 11.45
1785409019971116900 12.06
1785409024343602314 11.37
1785409025335780433 12.15
1785409028343742729 11.53
1785409032629834117 11.09
1785409032796192392 12.84
1785409035575047797 12.03
1785409040514151754 10.96
1785409041213130044 12.27
1785409043209014049 12.44
1785409048577348651 11.20
1785409049520767106 12.13
1785409050886508177 12.20
1785409056418819381 11.76
1785409057734296284 11.89
1785409058329834831 12.51
1785409064592664701 11.93
1785409065572587094 11.93
1785409066554172700 12.56
1785409072943806653 11.91
1785409073213075069 11.88
1785409075004393943 12.17
1785409081392655381 11.74
1785409081462354759 11.93
1785409082910686740 12.09
1785409089068307007 11.85
1785409089435769820 12.03
1785409091202982298 11.91
1785409096931952102 11.85
1785409097429704581 12.09
1785409100111877980 11.49
1785409104711675064 11.96
1785409106656030623 11.68
1785409108037700311 11.57
1785409111815373221 12.35
1785409114982171938 11.49
1785409118431049966 11.05
1785409119341291470 12.65
1785409122565046592 11.68
1785409127003322851 10.89
1785409127894711521 12.36
1785409131014561536 11.54
1785409134746945353 11.02
1785409136820379340 12.03
1785409138873480836 11.58
1785409143087230548 11.17
1785409146587839004 11.46
1785409146847984008 11.94
1785409150292708872 11.36
1785409154507339257 11.24
1785409156507963779 11.56
1785409157698043995 12.22
1785409162455873380 11.13
1785409164896189712 11.34
1785409165638335564 12.42
1785409171551029083 10.99
1785409172227234078 11.65
1785409175076661411 11.90
1785409179509360254 11.24
1785409179761785198 11.74
1785409184416587397 11.61
1785409187460717250 11.74
1785409188088594350 11.64
1785409193888339343 11.01
1785409194201362365 12.09
1785409197047449656 11.84
1785409201839078357 10.87
1785409203498190218 11.70
1785409204068857395 12.25
1785409210968489630 10.59
1785409211115192325 12.13
1785409212110370317 12.04
1785409218061379128 11.17
1785409219981140171 11.86
1785409220200463849 11.87
1785409221878323550 12.81
1785409223463002245 13.33
1785409223886298834 13.41
